// Vitest Snapshot v1, https://vitest.dev/guide/snapshot.html

exports[`payload shapes > keeps the shape of a run listing and of a call 1`] = `
{
  "costUsd": 3.41,
  "details": {
    "cacheMisses": 0,
    "escalations": 0,
    "spendDenials": 0,
    "stored": true,
    "subtype": "success",
    "toolCalls": 9,
    "toolFailures": [],
  },
  "endedAt": "2026-09-10T01:00:00Z",
  "id": "00000000-0000-4000-8000-000000000001",
  "kind": "extract",
  "model": "claude-opus-5",
  "mpn": "TPS54331DR",
  "promptVersion": "extract.v1",
  "result": "extracted",
  "sessionId": "session-a",
  "startedAt": "2026-09-10T00:00:00Z",
  "turns": 12,
}
`;

exports[`payload shapes > keeps the shape of a run listing and of a call 2`] = `
[
  "durationMs",
  "id",
  "input",
  "output",
  "sessionId",
  "spendsQuota",
  "startedAt",
  "tool",
]
`;
